
E01891@GGNS1LTW3D MINGW64 ~/Desktop/Training/Study/GitHub
$ git pull https://github.com/sharmanitin0810/nisharma.git
fatal: not a git repository (or any of the parent directories): .git

E01891@GGNS1LTW3D MINGW64 ~/Desktop/Training/Study/GitHub
$ git init
Initialized empty Git repository in C:/Users/e01891/Desktop/Training/Study/GitHub/.git/

E01891@GGNS1LTW3D MINGW64 ~/Desktop/Training/Study/GitHub (master)
$ git pull fatal: not a git repository (or any of the parent directories): .git^C

E01891@GGNS1LTW3D MINGW64 ~/Desktop/Training/Study/GitHub (master)
$ git pull https://github.com/sharmanitin0810/nisharma.git
remote: Enumerating objects: 13, done.
remote: Counting objects: 100% (13/13), done.
remote: Compressing objects: 100% (8/8), done.
remote: Total 13 (delta 0), reused 0 (delta 0), pack-reused 0
Unpacking objects: 100% (13/13), 3.31 KiB | 41.00 KiB/s, done.
From https://github.com/sharmanitin0810/nisharma
 * branch            HEAD       -> FETCH_HEAD

E01891@GGNS1LTW3D MINGW64 ~/Desktop/Training/Study/GitHub (master)
$ ls
Hello.java  README.md

E01891@GGNS1LTW3D MINGW64 ~/Desktop/Training/Study/GitHub (master)
$


E01891@GGNS1LTW3D MINGW64 ~/Desktop/Training/Study/GitHub (master)
$

E01891@GGNS1LTW3D MINGW64 ~/Desktop/Training/Study/GitHub (master)
$ git branch
* master

E01891@GGNS1LTW3D MINGW64 ~/Desktop/Training/Study/GitHub (master)
$ git repo
git: 'repo' is not a git command. See 'git --help'.

The most similar commands are
        grep
        reflog
        remote
        repack

E01891@GGNS1LTW3D MINGW64 ~/Desktop/Training/Study/GitHub (master)
$ git version
git version 2.26.2.windows.1

E01891@GGNS1LTW3D MINGW64 ~/Desktop/Training/Study/GitHub (master)
$ git status
On branch master
nothing to commit, working tree clean

E01891@GGNS1LTW3D MINGW64 ~/Desktop/Training/Study/GitHub (master)
$ git status
On branch master
Untracked files:
  (use "git add <file>..." to include in what will be committed)
        GN_COMP_STATUS_SCRIPT/

nothing added to commit but untracked files present (use "git add" to track)

E01891@GGNS1LTW3D MINGW64 ~/Desktop/Training/Study/GitHub (master)
$ git add
Nothing specified, nothing added.
hint: Maybe you wanted to say 'git add .'?
hint: Turn this message off by running
hint: "git config advice.addEmptyPathspec false"

E01891@GGNS1LTW3D MINGW64 ~/Desktop/Training/Study/GitHub (master)
$ git status
On branch master
Untracked files:
  (use "git add <file>..." to include in what will be committed)
        GN_COMP_STATUS_SCRIPT/

nothing added to commit but untracked files present (use "git add" to track)

E01891@GGNS1LTW3D MINGW64 ~/Desktop/Training/Study/GitHub (master)
$


E01891@GGNS1LTW3D MINGW64 ~/Desktop/Training/Study/GitHub (master)
$

E01891@GGNS1LTW3D MINGW64 ~/Desktop/Training/Study/GitHub (master)
$ git add GN_COMP_STATUS_SCRIPT
warning: LF will be replaced by CRLF in GN_COMP_STATUS_SCRIPT/GN_COMP_STATUS.py.
The file will have its original line endings in your working directory
warning: LF will be replaced by CRLF in GN_COMP_STATUS_SCRIPT/GN_Comp_Status_User_Manual.txt.
The file will have its original line endings in your working directory

E01891@GGNS1LTW3D MINGW64 ~/Desktop/Training/Study/GitHub (master)
$ git status
On branch master
Changes to be committed:
  (use "git restore --staged <file>..." to unstage)
        new file:   GN_COMP_STATUS_SCRIPT/GN_COMP_STATUS.py
        new file:   GN_COMP_STATUS_SCRIPT/GN_Comp_Status_User_Manual.txt


E01891@GGNS1LTW3D MINGW64 ~/Desktop/Training/Study/GitHub (master)
$ git commit
[master 0182d6d] This is python script for chking GN comp status
 2 files changed, 259 insertions(+)
 create mode 100644 GN_COMP_STATUS_SCRIPT/GN_COMP_STATUS.py
 create mode 100644 GN_COMP_STATUS_SCRIPT/GN_Comp_Status_User_Manual.txt

E01891@GGNS1LTW3D MINGW64 ~/Desktop/Training/Study/GitHub (master)
$ git push origin master
fatal: 'origin' does not appear to be a git repository
fatal: Could not read from remote repository.

Please make sure you have the correct access rights
and the repository exists.

E01891@GGNS1LTW3D MINGW64 ~/Desktop/Training/Study/GitHub (master)
$ git push master
fatal: The current branch master has no upstream branch.
To push the current branch and set the remote as upstream, use

    git push --set-upstream master master


E01891@GGNS1LTW3D MINGW64 ~/Desktop/Training/Study/GitHub (master)
$ git push origin master
fatal: 'origin' does not appear to be a git repository
fatal: Could not read from remote repository.

Please make sure you have the correct access rights
and the repository exists.

E01891@GGNS1LTW3D MINGW64 ~/Desktop/Training/Study/GitHub (master)
$ git push
fatal: No configured push destination.
Either specify the URL from the command-line or configure a remote repository using

    git remote add <name> <url>

and then push using the remote name

    git push <name>


E01891@GGNS1LTW3D MINGW64 ~/Desktop/Training/Study/GitHub (master)
$ git branch
* master

E01891@GGNS1LTW3D MINGW64 ~/Desktop/Training/Study/GitHub (master)
$ git url
git: 'url' is not a git command. See 'git --help'.

The most similar command is
        pull

E01891@GGNS1LTW3D MINGW64 ~/Desktop/Training/Study/GitHub (master)
$ git help
usage: git [--version] [--help] [-C <path>] [-c <name>=<value>]
           [--exec-path[=<path>]] [--html-path] [--man-path] [--info-path]
           [-p | --paginate | -P | --no-pager] [--no-replace-objects] [--bare]
           [--git-dir=<path>] [--work-tree=<path>] [--namespace=<name>]
           <command> [<args>]

These are common Git commands used in various situations:

start a working area (see also: git help tutorial)
   clone             Clone a repository into a new directory
   init              Create an empty Git repository or reinitialize an existing one

work on the current change (see also: git help everyday)
   add               Add file contents to the index
   mv                Move or rename a file, a directory, or a symlink
   restore           Restore working tree files
   rm                Remove files from the working tree and from the index
   sparse-checkout   Initialize and modify the sparse-checkout

examine the history and state (see also: git help revisions)
   bisect            Use binary search to find the commit that introduced a bug
   diff              Show changes between commits, commit and working tree, etc
   grep              Print lines matching a pattern
   log               Show commit logs
   show              Show various types of objects
   status            Show the working tree status

grow, mark and tweak your common history
   branch            List, create, or delete branches
   commit            Record changes to the repository
   merge             Join two or more development histories together
   rebase            Reapply commits on top of another base tip
   reset             Reset current HEAD to the specified state
   switch            Switch branches
   tag               Create, list, delete or verify a tag object signed with GPG

collaborate (see also: git help workflows)
   fetch             Download objects and refs from another repository
   pull              Fetch from and integrate with another repository or a local branch
   push              Update remote refs along with associated objects

'git help -a' and 'git help -g' list available subcommands and some
concept guides. See 'git help <command>' or 'git help <concept>'
to read about a specific subcommand or concept.
See 'git help git' for an overview of the system.

E01891@GGNS1LTW3D MINGW64 ~/Desktop/Training/Study/GitHub (master)
$


E01891@GGNS1LTW3D MINGW64 ~/Desktop/Training/Study/GitHub (master)
$


E01891@GGNS1LTW3D MINGW64 ~/Desktop/Training/Study/GitHub (master)
$


E01891@GGNS1LTW3D MINGW64 ~/Desktop/Training/Study/GitHub (master)
$

E01891@GGNS1LTW3D MINGW64 ~/Desktop/Training/Study/GitHub (master)
$ git push origin master
fatal: 'origin' does not appear to be a git repository
fatal: Could not read from remote repository.

Please make sure you have the correct access rights
and the repository exists.

E01891@GGNS1LTW3D MINGW64 ~/Desktop/Training/Study/GitHub (master)
$ git push sharmanitin0810 master
fatal: 'sharmanitin0810' does not appear to be a git repository
fatal: Could not read from remote repository.

Please make sure you have the correct access rights
and the repository exists.

E01891@GGNS1LTW3D MINGW64 ~/Desktop/Training/Study/GitHub (master)
$ git push
fatal: No configured push destination.
Either specify the URL from the command-line or configure a remote repository using

    git remote add <name> <url>

and then push using the remote name

    git push <name>


E01891@GGNS1LTW3D MINGW64 ~/Desktop/Training/Study/GitHub (master)
$ git remote add origin https://github.com/sharmanitin0810/nisharma.git

E01891@GGNS1LTW3D MINGW64 ~/Desktop/Training/Study/GitHub (master)
$ git push origin master
Enumerating objects: 6, done.
Counting objects: 100% (6/6), done.
Delta compression using up to 4 threads
Compressing objects: 100% (5/5), done.
Writing objects: 100% (5/5), 3.41 KiB | 1.70 MiB/s, done.
Total 5 (delta 0), reused 0 (delta 0), pack-reused 0
To https://github.com/sharmanitin0810/nisharma.git
   bcb0314..0182d6d  master -> master

E01891@GGNS1LTW3D MINGW64 ~/Desktop/Training/Study/GitHub (master)


** To add repo in origin master : 

git remote add origin  https://github.com/sharmanitin0810/nisharma.git
